
Showing Recent Issues

Build target walkUCF of project walkUCF with configuration Debug
note: Run script build phase 'Bundle React Native code and images' will be run during every build because the option to run the script phase "Based on dependency analysis" is unchecked. (in target 'walkUCF' from project 'walkUCF')
note: Run script build phase '[Expo] Configure project' will be run during every build because the option to run the script phase "Based on dependency analysis" is unchecked. (in target 'walkUCF' from project 'walkUCF')


Run script build phase 'Bundle React Native code and images' will be run during every build because the option to run the script phase "Based on dependency analysis" is unchecked.

Run script build phase '[Expo] Configure project' will be run during every build because the option to run the script phase "Based on dependency analysis" is unchecked.

Ld /Users/luke/Library/Developer/Xcode/DerivedData/walkUCF-aemewqohffpdrtgmrqfzfljiazca/Build/Products/Debug-iphonesimulator/walkUCF.app/__preview.dylib normal (in target 'walkUCF' from project 'walkUCF')
    cd /Users/luke/Documents/repos/walkUCF-app/ios
    /Applications/Xcode.app/Contents/Developer/Toolchains/XcodeDefault.xctoolchain/usr/bin/clang -Xlinker -reproducible -target arm64-apple-ios16.4-simulator -dynamiclib -isysroot /Applications/Xcode.app/Contents/Developer/Platforms/iPhoneSimulator.platform/Developer/SDKs/iPhoneSimulator26.5.sdk -O0 -L/Users/luke/Library/Developer/Xcode/DerivedData/walkUCF-aemewqohffpdrtgmrqfzfljiazca/Build/Products/Debug-iphonesimulator -L/Applications/Xcode.app/Contents/Developer/Platforms/iPhoneSimulator.platform/Developer/SDKs/iPhoneSimulator26.5.sdk/usr/lib/swift -L/Users/luke/Library/Developer/Xcode/DerivedData/walkUCF-aemewqohffpdrtgmrqfzfljiazca/Build/Products/Debug-iphonesimulator/EXConstants -L/Users/luke/Library/Developer/Xcode/DerivedData/walkUCF-aemewqohffpdrtgmrqfzfljiazca/Build/Products/Debug-iphonesimulator/Expo -L/Users/luke/Library/Developer/Xcode/DerivedData/walkUCF-aemewqohffpdrtgmrqfzfljiazca/Build/Products/Debug-iphonesimulator/ExpoAsset -L/Users/luke/Library/Developer/Xcode/DerivedData/walkUCF-aemewqohffpdrtgmrqfzfljiazca/Build/Products/Debug-iphonesimulator/ExpoDomWebView -L/Users/luke/Library/Developer/Xcode/DerivedData/walkUCF-aemewqohffpdrtgmrqfzfljiazca/Build/Products/Debug-iphonesimulator/ExpoKeepAwake -L/Users/luke/Library/Developer/Xcode/DerivedData/walkUCF-aemewqohffpdrtgmrqfzfljiazca/Build/Products/Debug-iphonesimulator/ExpoLogBox -L/Users/luke/Library/Developer/Xcode/DerivedData/walkUCF-aemewqohffpdrtgmrqfzfljiazca/Build/Products/Debug-iphonesimulator/ExpoSplashScreen -L/Users/luke/Library/Developer/Xcode/DerivedData/walkUCF-aemewqohffpdrtgmrqfzfljiazca/Build/Products/Debug-iphonesimulator/RNCAsyncStorage -L/Users/luke/Library/Developer/Xcode/DerivedData/walkUCF-aemewqohffpdrtgmrqfzfljiazca/Build/Products/Debug-iphonesimulator/ReactAppDependencyProvider -L/Users/luke/Library/Developer/Xcode/DerivedData/walkUCF-aemewqohffpdrtgmrqfzfljiazca/Build/Products/Debug-iphonesimulator/ReactCodegen -L/Users/luke/Library/Developer/Xcode/DerivedData/walkUCF-aemewqohffpdrtgmrqfzfljiazca/Build/Products/Debug-iphonesimulator/react-native-maps -L/Users/luke/Library/Developer/Xcode/DerivedData/walkUCF-aemewqohffpdrtgmrqfzfljiazca/Build/Products/Debug-iphonesimulator/react-native-safe-area-context -L/Applications/Xcode.app/Contents/Developer/Toolchains/XcodeDefault.xctoolchain/usr/lib/swift/iphonesimulator -L/Applications/Xcode.app/Contents/Developer/Platforms/iPhoneSimulator.platform/Developer/SDKs/iPhoneSimulator26.5.sdk/usr/lib/swift -F/Users/luke/Library/Developer/Xcode/DerivedData/walkUCF-aemewqohffpdrtgmrqfzfljiazca/Build/Products/Debug-iphonesimulator -F/Users/luke/Documents/repos/walkUCF-app/node_modules/expo-modules-jsi/apple/Products -F/Users/luke/Documents/repos/walkUCF-app/ios/Pods/ExpoFileSystem -F/Users/luke/Documents/repos/walkUCF-app/ios/Pods/ExpoFont -F/Users/luke/Documents/repos/walkUCF-app/ios/Pods/ExpoLocation -F/Users/luke/Documents/repos/walkUCF-app/ios/Pods/ExpoModulesCore -F/Users/luke/Documents/repos/walkUCF-app/ios/Pods/ExpoModulesWorklets -F/Users/luke/Documents/repos/walkUCF-app/ios/Pods/React-Core-prebuilt -F/Users/luke/Documents/repos/walkUCF-app/ios/Pods/ReactNativeDependencies/framework/packages/react-native -F/Users/luke/Documents/repos/walkUCF-app/ios/Pods/hermes-engine/destroot/Library/Frameworks/universal -F/Users/luke/Library/Developer/Xcode/DerivedData/walkUCF-aemewqohffpdrtgmrqfzfljiazca/Build/Products/Debug-iphonesimulator/XCFrameworkIntermediates/ExpoFileSystem -F/Users/luke/Library/Developer/Xcode/DerivedData/walkUCF-aemewqohffpdrtgmrqfzfljiazca/Build/Products/Debug-iphonesimulator/XCFrameworkIntermediates/ExpoFont -F/Users/luke/Library/Developer/Xcode/DerivedData/walkUCF-aemewqohffpdrtgmrqfzfljiazca/Build/Products/Debug-iphonesimulator/XCFrameworkIntermediates/ExpoLocation -F/Users/luke/Library/Developer/Xcode/DerivedData/walkUCF-aemewqohffpdrtgmrqfzfljiazca/Build/Products/Debug-iphonesimulator/XCFrameworkIntermediates/ExpoModulesCore -F/Users/luke/Library/Developer/Xcode/DerivedData/walkUCF-aemewqohffpdrtgmrqfzfljiazca/Build/Products/Debug-iphonesimulator/XCFrameworkIntermediates/ExpoModulesJSI -F/Users/luke/Library/Developer/Xcode/DerivedData/walkUCF-aemewqohffpdrtgmrqfzfljiazca/Build/Products/Debug-iphonesimulator/XCFrameworkIntermediates/ExpoModulesWorklets -F/Users/luke/Library/Developer/Xcode/DerivedData/walkUCF-aemewqohffpdrtgmrqfzfljiazca/Build/Products/Debug-iphonesimulator/XCFrameworkIntermediates/React-Core-prebuilt -F/Users/luke/Library/Developer/Xcode/DerivedData/walkUCF-aemewqohffpdrtgmrqfzfljiazca/Build/Products/Debug-iphonesimulator/XCFrameworkIntermediates/ReactNativeDependencies -F/Users/luke/Library/Developer/Xcode/DerivedData/walkUCF-aemewqohffpdrtgmrqfzfljiazca/Build/Products/Debug-iphonesimulator/XCFrameworkIntermediates/hermes-engine/Pre-built -install_name @rpath/walkUCF.debug.dylib -Xlinker -dead_strip -rdynamic -Xlinker -no_deduplicate -Xlinker -objc_abi_version -Xlinker 2 -Xlinker -dependency_info -Xlinker /Users/luke/Library/Developer/Xcode/DerivedData/walkUCF-aemewqohffpdrtgmrqfzfljiazca/Build/Intermediates.noindex/walkUCF.build/Debug-iphonesimulator/walkUCF.build/Objects-normal/arm64/walkUCF_dependency_info.dat -Xlinker -sectcreate -Xlinker __TEXT -Xlinker __entitlements -Xlinker /Users/luke/Library/Developer/Xcode/DerivedData/walkUCF-aemewqohffpdrtgmrqfzfljiazca/Build/Intermediates.noindex/walkUCF.build/Debug-iphonesimulator/walkUCF.build/walkUCF.app-Simulated.xcent -Xlinker -sectcreate -Xlinker __TEXT -Xlinker __ents_der -Xlinker /Users/luke/Library/Developer/Xcode/DerivedData/walkUCF-aemewqohffpdrtgmrqfzfljiazca/Build/Intermediates.noindex/walkUCF.build/Debug-iphonesimulator/walkUCF.build/walkUCF.app-Simulated.xcent.der -Xlinker -no_adhoc_codesign -o /Users/luke/Library/Developer/Xcode/DerivedData/walkUCF-aemewqohffpdrtgmrqfzfljiazca/Build/Products/Debug-iphonesimulator/walkUCF.app/__preview.dylib

/Users/luke/Documents/repos/walkUCF-app/ios/walkUCF.xcodeproj: walkUCF: ld: warning: search path '/Users/luke/Library/Developer/Xcode/DerivedData/walkUCF-aemewqohffpdrtgmrqfzfljiazca/Build/Products/Debug-iphonesimulator/EXConstants' not found
/Users/luke/Documents/repos/walkUCF-app/ios/walkUCF.xcodeproj: walkUCF: ld: warning: search path '/Users/luke/Library/Developer/Xcode/DerivedData/walkUCF-aemewqohffpdrtgmrqfzfljiazca/Build/Products/Debug-iphonesimulator/Expo' not found
/Users/luke/Documents/repos/walkUCF-app/ios/walkUCF.xcodeproj: walkUCF: ld: warning: search path '/Users/luke/Library/Developer/Xcode/DerivedData/walkUCF-aemewqohffpdrtgmrqfzfljiazca/Build/Products/Debug-iphonesimulator/ExpoAsset' not found
/Users/luke/Documents/repos/walkUCF-app/ios/walkUCF.xcodeproj: walkUCF: ld: warning: search path '/Users/luke/Library/Developer/Xcode/DerivedData/walkUCF-aemewqohffpdrtgmrqfzfljiazca/Build/Products/Debug-iphonesimulator/ExpoDomWebView' not found
/Users/luke/Documents/repos/walkUCF-app/ios/walkUCF.xcodeproj: walkUCF: ld: warning: search path '/Users/luke/Library/Developer/Xcode/DerivedData/walkUCF-aemewqohffpdrtgmrqfzfljiazca/Build/Products/Debug-iphonesimulator/ExpoKeepAwake' not found
/Users/luke/Documents/repos/walkUCF-app/ios/walkUCF.xcodeproj: walkUCF: ld: warning: search path '/Users/luke/Library/Developer/Xcode/DerivedData/walkUCF-aemewqohffpdrtgmrqfzfljiazca/Build/Products/Debug-iphonesimulator/ExpoLogBox' not found
/Users/luke/Documents/repos/walkUCF-app/ios/walkUCF.xcodeproj: walkUCF: ld: warning: search path '/Users/luke/Library/Developer/Xcode/DerivedData/walkUCF-aemewqohffpdrtgmrqfzfljiazca/Build/Products/Debug-iphonesimulator/ExpoSplashScreen' not found
/Users/luke/Documents/repos/walkUCF-app/ios/walkUCF.xcodeproj: walkUCF: ld: warning: search path '/Users/luke/Library/Developer/Xcode/DerivedData/walkUCF-aemewqohffpdrtgmrqfzfljiazca/Build/Products/Debug-iphonesimulator/RNCAsyncStorage' not found
/Users/luke/Documents/repos/walkUCF-app/ios/walkUCF.xcodeproj: walkUCF: ld: warning: search path '/Users/luke/Library/Developer/Xcode/DerivedData/walkUCF-aemewqohffpdrtgmrqfzfljiazca/Build/Products/Debug-iphonesimulator/ReactAppDependencyProvider' not found
/Users/luke/Documents/repos/walkUCF-app/ios/walkUCF.xcodeproj: walkUCF: ld: warning: search path '/Users/luke/Library/Developer/Xcode/DerivedData/walkUCF-aemewqohffpdrtgmrqfzfljiazca/Build/Products/Debug-iphonesimulator/ReactCodegen' not found
/Users/luke/Documents/repos/walkUCF-app/ios/walkUCF.xcodeproj: walkUCF: ld: warning: search path '/Users/luke/Library/Developer/Xcode/DerivedData/walkUCF-aemewqohffpdrtgmrqfzfljiazca/Build/Products/Debug-iphonesimulator/react-native-maps' not found
/Users/luke/Documents/repos/walkUCF-app/ios/walkUCF.xcodeproj: walkUCF: ld: warning: search path '/Users/luke/Library/Developer/Xcode/DerivedData/walkUCF-aemewqohffpdrtgmrqfzfljiazca/Build/Products/Debug-iphonesimulator/react-native-safe-area-context' not found
/Users/luke/Documents/repos/walkUCF-app/ios/walkUCF.xcodeproj: walkUCF: ld: warning: search path '/Users/luke/Library/Developer/Xcode/DerivedData/walkUCF-aemewqohffpdrtgmrqfzfljiazca/Build/Products/Debug-iphonesimulator/XCFrameworkIntermediates/ExpoFileSystem' not found
/Users/luke/Documents/repos/walkUCF-app/ios/walkUCF.xcodeproj: walkUCF: ld: warning: search path '/Users/luke/Library/Developer/Xcode/DerivedData/walkUCF-aemewqohffpdrtgmrqfzfljiazca/Build/Products/Debug-iphonesimulator/XCFrameworkIntermediates/ExpoFont' not found
/Users/luke/Documents/repos/walkUCF-app/ios/walkUCF.xcodeproj: walkUCF: ld: warning: search path '/Users/luke/Library/Developer/Xcode/DerivedData/walkUCF-aemewqohffpdrtgmrqfzfljiazca/Build/Products/Debug-iphonesimulator/XCFrameworkIntermediates/ExpoLocation' not found
/Users/luke/Documents/repos/walkUCF-app/ios/walkUCF.xcodeproj: walkUCF: ld: warning: search path '/Users/luke/Library/Developer/Xcode/DerivedData/walkUCF-aemewqohffpdrtgmrqfzfljiazca/Build/Products/Debug-iphonesimulator/XCFrameworkIntermediates/ExpoModulesCore' not found
/Users/luke/Documents/repos/walkUCF-app/ios/walkUCF.xcodeproj: walkUCF: ld: warning: search path '/Users/luke/Library/Developer/Xcode/DerivedData/walkUCF-aemewqohffpdrtgmrqfzfljiazca/Build/Products/Debug-iphonesimulator/XCFrameworkIntermediates/ExpoModulesJSI' not found
/Users/luke/Documents/repos/walkUCF-app/ios/walkUCF.xcodeproj: walkUCF: ld: warning: search path '/Users/luke/Library/Developer/Xcode/DerivedData/walkUCF-aemewqohffpdrtgmrqfzfljiazca/Build/Products/Debug-iphonesimulator/XCFrameworkIntermediates/ExpoModulesWorklets' not found
/Users/luke/Documents/repos/walkUCF-app/ios/walkUCF.xcodeproj: walkUCF: ld: warning: search path '/Users/luke/Library/Developer/Xcode/DerivedData/walkUCF-aemewqohffpdrtgmrqfzfljiazca/Build/Products/Debug-iphonesimulator/XCFrameworkIntermediates/React-Core-prebuilt' not found
/Users/luke/Documents/repos/walkUCF-app/ios/walkUCF.xcodeproj: walkUCF: ld: warning: search path '/Users/luke/Library/Developer/Xcode/DerivedData/walkUCF-aemewqohffpdrtgmrqfzfljiazca/Build/Products/Debug-iphonesimulator/XCFrameworkIntermediates/ReactNativeDependencies' not found
/Users/luke/Documents/repos/walkUCF-app/ios/walkUCF.xcodeproj: walkUCF: ld: warning: search path '/Users/luke/Library/Developer/Xcode/DerivedData/walkUCF-aemewqohffpdrtgmrqfzfljiazca/Build/Products/Debug-iphonesimulator/XCFrameworkIntermediates/hermes-engine/Pre-built' not found

/Users/luke/Documents/repos/walkUCF-app/ios/walkUCF.xcodeproj: Search path '/Users/luke/Library/Developer/Xcode/DerivedData/walkUCF-aemewqohffpdrtgmrqfzfljiazca/Build/Products/Debug-iphonesimulator/EXConstants' not found

/Users/luke/Documents/repos/walkUCF-app/ios/walkUCF.xcodeproj: Search path '/Users/luke/Library/Developer/Xcode/DerivedData/walkUCF-aemewqohffpdrtgmrqfzfljiazca/Build/Products/Debug-iphonesimulator/Expo' not found

/Users/luke/Documents/repos/walkUCF-app/ios/walkUCF.xcodeproj: Search path '/Users/luke/Library/Developer/Xcode/DerivedData/walkUCF-aemewqohffpdrtgmrqfzfljiazca/Build/Products/Debug-iphonesimulator/ExpoAsset' not found

/Users/luke/Documents/repos/walkUCF-app/ios/walkUCF.xcodeproj: Search path '/Users/luke/Library/Developer/Xcode/DerivedData/walkUCF-aemewqohffpdrtgmrqfzfljiazca/Build/Products/Debug-iphonesimulator/ExpoDomWebView' not found

/Users/luke/Documents/repos/walkUCF-app/ios/walkUCF.xcodeproj: Search path '/Users/luke/Library/Developer/Xcode/DerivedData/walkUCF-aemewqohffpdrtgmrqfzfljiazca/Build/Products/Debug-iphonesimulator/ExpoKeepAwake' not found

/Users/luke/Documents/repos/walkUCF-app/ios/walkUCF.xcodeproj: Search path '/Users/luke/Library/Developer/Xcode/DerivedData/walkUCF-aemewqohffpdrtgmrqfzfljiazca/Build/Products/Debug-iphonesimulator/ExpoLogBox' not found

/Users/luke/Documents/repos/walkUCF-app/ios/walkUCF.xcodeproj: Search path '/Users/luke/Library/Developer/Xcode/DerivedData/walkUCF-aemewqohffpdrtgmrqfzfljiazca/Build/Products/Debug-iphonesimulator/ExpoSplashScreen' not found

/Users/luke/Documents/repos/walkUCF-app/ios/walkUCF.xcodeproj: Search path '/Users/luke/Library/Developer/Xcode/DerivedData/walkUCF-aemewqohffpdrtgmrqfzfljiazca/Build/Products/Debug-iphonesimulator/RNCAsyncStorage' not found

/Users/luke/Documents/repos/walkUCF-app/ios/walkUCF.xcodeproj: Search path '/Users/luke/Library/Developer/Xcode/DerivedData/walkUCF-aemewqohffpdrtgmrqfzfljiazca/Build/Products/Debug-iphonesimulator/ReactAppDependencyProvider' not found

/Users/luke/Documents/repos/walkUCF-app/ios/walkUCF.xcodeproj: Search path '/Users/luke/Library/Developer/Xcode/DerivedData/walkUCF-aemewqohffpdrtgmrqfzfljiazca/Build/Products/Debug-iphonesimulator/ReactCodegen' not found

/Users/luke/Documents/repos/walkUCF-app/ios/walkUCF.xcodeproj: Search path '/Users/luke/Library/Developer/Xcode/DerivedData/walkUCF-aemewqohffpdrtgmrqfzfljiazca/Build/Products/Debug-iphonesimulator/react-native-maps' not found

/Users/luke/Documents/repos/walkUCF-app/ios/walkUCF.xcodeproj: Search path '/Users/luke/Library/Developer/Xcode/DerivedData/walkUCF-aemewqohffpdrtgmrqfzfljiazca/Build/Products/Debug-iphonesimulator/react-native-safe-area-context' not found

/Users/luke/Documents/repos/walkUCF-app/ios/walkUCF.xcodeproj: Search path '/Users/luke/Library/Developer/Xcode/DerivedData/walkUCF-aemewqohffpdrtgmrqfzfljiazca/Build/Products/Debug-iphonesimulator/XCFrameworkIntermediates/ExpoFileSystem' not found

/Users/luke/Documents/repos/walkUCF-app/ios/walkUCF.xcodeproj: Search path '/Users/luke/Library/Developer/Xcode/DerivedData/walkUCF-aemewqohffpdrtgmrqfzfljiazca/Build/Products/Debug-iphonesimulator/XCFrameworkIntermediates/ExpoFont' not found

/Users/luke/Documents/repos/walkUCF-app/ios/walkUCF.xcodeproj: Search path '/Users/luke/Library/Developer/Xcode/DerivedData/walkUCF-aemewqohffpdrtgmrqfzfljiazca/Build/Products/Debug-iphonesimulator/XCFrameworkIntermediates/ExpoLocation' not found

/Users/luke/Documents/repos/walkUCF-app/ios/walkUCF.xcodeproj: Search path '/Users/luke/Library/Developer/Xcode/DerivedData/walkUCF-aemewqohffpdrtgmrqfzfljiazca/Build/Products/Debug-iphonesimulator/XCFrameworkIntermediates/ExpoModulesCore' not found

/Users/luke/Documents/repos/walkUCF-app/ios/walkUCF.xcodeproj: Search path '/Users/luke/Library/Developer/Xcode/DerivedData/walkUCF-aemewqohffpdrtgmrqfzfljiazca/Build/Products/Debug-iphonesimulator/XCFrameworkIntermediates/ExpoModulesJSI' not found

/Users/luke/Documents/repos/walkUCF-app/ios/walkUCF.xcodeproj: Search path '/Users/luke/Library/Developer/Xcode/DerivedData/walkUCF-aemewqohffpdrtgmrqfzfljiazca/Build/Products/Debug-iphonesimulator/XCFrameworkIntermediates/ExpoModulesWorklets' not found

/Users/luke/Documents/repos/walkUCF-app/ios/walkUCF.xcodeproj: Search path '/Users/luke/Library/Developer/Xcode/DerivedData/walkUCF-aemewqohffpdrtgmrqfzfljiazca/Build/Products/Debug-iphonesimulator/XCFrameworkIntermediates/React-Core-prebuilt' not found

/Users/luke/Documents/repos/walkUCF-app/ios/walkUCF.xcodeproj: Search path '/Users/luke/Library/Developer/Xcode/DerivedData/walkUCF-aemewqohffpdrtgmrqfzfljiazca/Build/Products/Debug-iphonesimulator/XCFrameworkIntermediates/ReactNativeDependencies' not found

/Users/luke/Documents/repos/walkUCF-app/ios/walkUCF.xcodeproj: Search path '/Users/luke/Library/Developer/Xcode/DerivedData/walkUCF-aemewqohffpdrtgmrqfzfljiazca/Build/Products/Debug-iphonesimulator/XCFrameworkIntermediates/hermes-engine/Pre-built' not found

SwiftGeneratePch normal arm64 Compiling\ bridging\ header (in target 'walkUCF' from project 'walkUCF')

Command SwiftGeneratePch emitted errors but did not return a nonzero exit code to indicate failure

Command SwiftGeneratePch emitted errors but did not return a nonzero exit code to indicate failure

PrecompileSwiftBridgingHeader normal arm64 (in target 'walkUCF' from project 'walkUCF')
    cd /Users/luke/Documents/repos/walkUCF-app/ios
    

<unknown>:0: error: module map file '/Users/luke/Library/Developer/Xcode/DerivedData/walkUCF-aemewqohffpdrtgmrqfzfljiazca/Build/Products/Debug-iphonesimulator/EXConstants/EXConstants.modulemap' not found
<unknown>:0: error: module map file '/Users/luke/Library/Developer/Xcode/DerivedData/walkUCF-aemewqohffpdrtgmrqfzfljiazca/Build/Products/Debug-iphonesimulator/Expo/Expo.modulemap' not found
<unknown>:0: error: module map file '/Users/luke/Library/Developer/Xcode/DerivedData/walkUCF-aemewqohffpdrtgmrqfzfljiazca/Build/Products/Debug-iphonesimulator/ExpoAsset/ExpoAsset.modulemap' not found
<unknown>:0: error: module map file '/Users/luke/Library/Developer/Xcode/DerivedData/walkUCF-aemewqohffpdrtgmrqfzfljiazca/Build/Products/Debug-iphonesimulator/ExpoDomWebView/ExpoDomWebView.modulemap' not found
<unknown>:0: error: module map file '/Users/luke/Library/Developer/Xcode/DerivedData/walkUCF-aemewqohffpdrtgmrqfzfljiazca/Build/Products/Debug-iphonesimulator/ExpoKeepAwake/ExpoKeepAwake.modulemap' not found
<unknown>:0: error: module map file '/Users/luke/Library/Developer/Xcode/DerivedData/walkUCF-aemewqohffpdrtgmrqfzfljiazca/Build/Products/Debug-iphonesimulator/ExpoLogBox/ExpoLogBox.modulemap' not found
<unknown>:0: error: module map file '/Users/luke/Library/Developer/Xcode/DerivedData/walkUCF-aemewqohffpdrtgmrqfzfljiazca/Build/Products/Debug-iphonesimulator/ExpoSplashScreen/ExpoSplashScreen.modulemap' not found
Command PrecompileSwiftBridgingHeader emitted errors but did not return a nonzero exit code to indicate failure

module map file '/Users/luke/Library/Developer/Xcode/DerivedData/walkUCF-aemewqohffpdrtgmrqfzfljiazca/Build/Products/Debug-iphonesimulator/EXConstants/EXConstants.modulemap' not found

module map file '/Users/luke/Library/Developer/Xcode/DerivedData/walkUCF-aemewqohffpdrtgmrqfzfljiazca/Build/Products/Debug-iphonesimulator/Expo/Expo.modulemap' not found

module map file '/Users/luke/Library/Developer/Xcode/DerivedData/walkUCF-aemewqohffpdrtgmrqfzfljiazca/Build/Products/Debug-iphonesimulator/ExpoAsset/ExpoAsset.modulemap' not found

module map file '/Users/luke/Library/Developer/Xcode/DerivedData/walkUCF-aemewqohffpdrtgmrqfzfljiazca/Build/Products/Debug-iphonesimulator/ExpoDomWebView/ExpoDomWebView.modulemap' not found

module map file '/Users/luke/Library/Developer/Xcode/DerivedData/walkUCF-aemewqohffpdrtgmrqfzfljiazca/Build/Products/Debug-iphonesimulator/ExpoKeepAwake/ExpoKeepAwake.modulemap' not found

module map file '/Users/luke/Library/Developer/Xcode/DerivedData/walkUCF-aemewqohffpdrtgmrqfzfljiazca/Build/Products/Debug-iphonesimulator/ExpoLogBox/ExpoLogBox.modulemap' not found

module map file '/Users/luke/Library/Developer/Xcode/DerivedData/walkUCF-aemewqohffpdrtgmrqfzfljiazca/Build/Products/Debug-iphonesimulator/ExpoSplashScreen/ExpoSplashScreen.modulemap' not found

Command PrecompileSwiftBridgingHeader emitted errors but did not return a nonzero exit code to indicate failure

SwiftEmitModule normal arm64 Emitting\ module\ for\ walkUCF (in target 'walkUCF' from project 'walkUCF')

Failed frontend command:
/Applications/Xcode.app/Contents/Developer/Toolchains/XcodeDefault.xctoolchain/usr/bin/swift-frontend -frontend -emit-module -experimental-skip-non-inlinable-function-bodies-without-types /Users/luke/Documents/repos/walkUCF-app/ios/walkUCF/AppDelegate.swift /Users/luke/Documents/repos/walkUCF-app/ios/Pods/Target\ Support\ Files/Pods-walkUCF/ExpoModulesProvider.swift /Users/luke/Library/Developer/Xcode/DerivedData/walkUCF-aemewqohffpdrtgmrqfzfljiazca/Build/Intermediates.noindex/walkUCF.build/Debug-iphonesimulator/walkUCF.build/DerivedSources/GeneratedAssetSymbols.swift -target arm64-apple-ios16.4-simulator -Xllvm -aarch64-use-tbi -enable-objc-interop -sdk /Applications/Xcode.app/Contents/Developer/Platforms/iPhoneSimulator.platform/Developer/SDKs/iPhoneSimulator26.5.sdk -I /Users/luke/Library/Developer/Xcode/DerivedData/walkUCF-aemewqohffpdrtgmrqfzfljiazca/Build/Products/Debug-iphonesimulator -I /Users/luke/Library/Developer/Xcode/DerivedData/walkUCF-aemewqohffpdrtgmrqfzfljiazca/Build/Products/Debug-iphonesimulator/EXConstants -I /Users/luke/Library/Developer/Xcode/DerivedData/walkUCF-aemewqohffpdrtgmrqfzfljiazca/Build/Products/Debug-iphonesimulator/Expo -I /Users/luke/Library/Developer/Xcode/DerivedData/walkUCF-aemewqohffpdrtgmrqfzfljiazca/Build/Products/Debug-iphonesimulator/ExpoAsset -I /Users/luke/Library/Developer/Xcode/DerivedData/walkUCF-aemewqohffpdrtgmrqfzfljiazca/Build/Products/Debug-iphonesimulator/ExpoDomWebView -I /Users/luke/Library/Developer/Xcode/DerivedData/walkUCF-aemewqohffpdrtgmrqfzfljiazca/Build/Products/Debug-iphonesimulator/ExpoFileSystem -I /Users/luke/Library/Developer/Xcode/DerivedData/walkUCF-aemewqohffpdrtgmrqfzfljiazca/Build/Products/Debug-iphonesimulator/ExpoFont -I /Users/luke/Library/Developer/Xcode/DerivedData/walkUCF-aemewqohffpdrtgmrqfzfljiazca/Build/Products/Debug-iphonesimulator/ExpoKeepAwake -I /Users/luke/Library/Developer/Xcode/DerivedData/walkUCF-aemewqohffpdrtgmrqfzfljiazca/Build/Products/Debug-iphonesimulator/ExpoLogBox -I /Users/luke/Library/Developer/Xcode/DerivedData/walkUCF-aemewqohffpdrtgmrqfzfljiazca/Build/Products/Debug-iphonesimulator/ExpoModulesCore -I /Users/luke/Library/Developer/Xcode/DerivedData/walkUCF-aemewqohffpdrtgmrqfzfljiazca/Build/Products/Debug-iphonesimulator/ExpoModulesJSI -I /Users/luke/Library/Developer/Xcode/DerivedData/walkUCF-aemewqohffpdrtgmrqfzfljiazca/Build/Products/Debug-iphonesimulator/ExpoModulesWorklets -I /Users/luke/Library/Developer/Xcode/DerivedData/walkUCF-aemewqohffpdrtgmrqfzfljiazca/Build/Products/Debug-iphonesimulator/ExpoSplashScreen -F /Users/luke/Library/Developer/Xcode/DerivedData/walkUCF-aemewqohffpdrtgmrqfzfljiazca/Build/Products/Debug-iphonesimulator -F /Users/luke/Documents/repos/walkUCF-app/node_modules/expo-modules-jsi/apple/Products -F /Users/luke/Documents/repos/walkUCF-app/ios/Pods/ExpoFileSystem -F /Users/luke/Documents/repos/walkUCF-app/ios/Pods/ExpoFont -F /Users/luke/Documents/repos/walkUCF-app/ios/Pods/ExpoLocation -F /Users/luke/Documents/repos/walkUCF-app/ios/Pods/ExpoModulesCore -F /Users/luke/Documents/repos/walkUCF-app/ios/Pods/ExpoModulesWorklets -F /Users/luke/Documents/repos/walkUCF-app/ios/Pods/React-Core-prebuilt -F /Users/luke/Documents/repos/walkUCF-app/ios/Pods/ReactNativeDependencies/framework/packages/react-native -F /Users/luke/Documents/repos/walkUCF-app/ios/Pods/hermes-engine/destroot/Library/Frameworks/universal -F /Users/luke/Library/Developer/Xcode/DerivedData/walkUCF-aemewqohffpdrtgmrqfzfljiazca/Build/Products/Debug-iphonesimulator/XCFrameworkIntermediates/ExpoFileSystem -F /Users/luke/Library/Developer/Xcode/DerivedData/walkUCF-aemewqohffpdrtgmrqfzfljiazca/Build/Products/Debug-iphonesimulator/XCFrameworkIntermediates/ExpoFont -F /Users/luke/Library/Developer/Xcode/DerivedData/walkUCF-aemewqohffpdrtgmrqfzfljiazca/Build/Products/Debug-iphonesimulator/XCFrameworkIntermediates/ExpoLocation -F /Users/luke/Library/Developer/Xcode/DerivedData/walkUCF-aemewqohffpdrtgmrqfzfljiazca/Build/Products/Debug-iphonesimulator/XCFrameworkIntermediates/ExpoModulesCore -F /Users/luke/Library/Developer/Xcode/DerivedData/walkUCF-aemewqohffpdrtgmrqfzfljiazca/Build/Products/Debug-iphonesimulator/XCFrameworkIntermediates/ExpoModulesJSI -F /Users/luke/Library/Developer/Xcode/DerivedData/walkUCF-aemewqohffpdrtgmrqfzfljiazca/Build/Products/Debug-iphonesimulator/XCFrameworkIntermediates/ExpoModulesWorklets -F /Users/luke/Library/Developer/Xcode/DerivedData/walkUCF-aemewqohffpdrtgmrqfzfljiazca/Build/Products/Debug-iphonesimulator/XCFrameworkIntermediates/React-Core-prebuilt -F /Users/luke/Library/Developer/Xcode/DerivedData/walkUCF-aemewqohffpdrtgmrqfzfljiazca/Build/Products/Debug-iphonesimulator/XCFrameworkIntermediates/ReactNativeDependencies -F /Users/luke/Library/Developer/Xcode/DerivedData/walkUCF-aemewqohffpdrtgmrqfzfljiazca/Build/Products/Debug-iphonesimulator/XCFrameworkIntermediates/hermes-engine/Pre-built -no-color-diagnostics -Xcc -fno-color-diagnostics -enable-testing -g -debug-info-format\=dwarf -dwarf-version\=4 -module-cache-path /Users/luke/Library/Developer/Xcode/DerivedData/ModuleCache.noindex -swift-version 5 -Onone -D DEBUG -D COCOAPODS -D EXPO_CONFIGURATION_DEBUG -serialize-debugging-options -const-gather-protocols-file /Users/luke/Library/Developer/Xcode/DerivedData/walkUCF-aemewqohffpdrtgmrqfzfljiazca/Build/Intermediates.noindex/walkUCF.build/Debug-iphonesimulator/walkUCF.build/Objects-normal/arm64/walkUCF_const_extract_protocols.json -enable-experimental-feature DebugDescriptionMacro -enable-bare-slash-regex -empty-abi-descriptor -validate-clang-modules-once -clang-build-session-file /Users/luke/Library/Developer/Xcode/DerivedData/ModuleCache.noindex/Session.modulevalidation -Xcc -working-directory -Xcc /Users/luke/Documents/repos/walkUCF-app/ios -enable-anonymous-context-mangled-names -file-compilation-dir /Users/luke/Documents/repos/walkUCF-app/ios -Xcc -fmodule-map-file\=/Users/luke/Library/Developer/Xcode/DerivedData/walkUCF-aemewqohffpdrtgmrqfzfljiazca/Build/Products/Debug-iphonesimulator/EXConstants/EXConstants.modulemap -Xcc -fmodule-map-file\=/Users/luke/Library/Developer/Xcode/DerivedData/walkUCF-aemewqohffpdrtgmrqfzfljiazca/Build/Products/Debug-iphonesimulator/Expo/Expo.modulemap -Xcc -fmodule-map-file\=/Users/luke/Library/Developer/Xcode/DerivedData/walkUCF-aemewqohffpdrtgmrqfzfljiazca/Build/Products/Debug-iphonesimulator/ExpoAsset/ExpoAsset.modulemap -Xcc -fmodule-map-file\=/Users/luke/Library/Developer/Xcode/DerivedData/walkUCF-aemewqohffpdrtgmrqfzfljiazca/Build/Products/Debug-iphonesimulator/ExpoDomWebView/ExpoDomWebView.modulemap -Xcc -fmodule-map-file\=/Users/luke/Library/Developer/Xcode/DerivedData/walkUCF-aemewqohffpdrtgmrqfzfljiazca/Build/Products/Debug-iphonesimulator/ExpoKeepAwake/ExpoKeepAwake.modulemap -Xcc -fmodule-map-file\=/Users/luke/Library/Developer/Xcode/DerivedData/walkUCF-aemewqohffpdrtgmrqfzfljiazca/Build/Products/Debug-iphonesimulator/ExpoLogBox/ExpoLogBox.modulemap -Xcc -fmodule-map-file\=/Users/luke/Library/Developer/Xcode/DerivedData/walkUCF-aemewqohffpdrtgmrqfzfljiazca/Build/Products/Debug-iphonesimulator/ExpoSplashScreen/ExpoSplashScreen.modulemap -Xcc -fmodule-map-file\=/Users/luke/Documents/repos/walkUCF-app/ios/Pods/Headers/Public/ReactAppDependencyProvider/ReactAppDependencyProvider.modulemap -Xcc -fmodule-map-file\=/Users/luke/Documents/repos/walkUCF-app/ios/Pods/Headers/Public/ReactCodegen/ReactCodegen.modulemap -Xcc -ivfsoverlay -Xcc /Users/luke/Documents/repos/walkUCF-app/ios/Pods/React-Core-prebuilt/React-VFS.yaml -Xcc -Wno-incomplete-umbrella -Xcc -D_LIBCPP_HARDENING_MODE\=_LIBCPP_HARDENING_MODE_DEBUG -Xcc -ivfsstatcache -Xcc /Users/luke/Library/Developer/Xcode/DerivedData/SDKStatCaches.noindex/iphonesimulator26.5-23F81a-6cfe768891a92b912361537c460fe42b.sdkstatcache -Xcc -I/Users/luke/Library/Developer/Xcode/DerivedData/walkUCF-aemewqohffpdrtgmrqfzfljiazca/Build/Intermediates.noindex/walkUCF.build/Debug-iphonesimulator/walkUCF.build/swift-overrides.hmap -Xcc -iquote -Xcc /Users/luke/Library/Developer/Xcode/DerivedData/walkUCF-aemewqohffpdrtgmrqfzfljiazca/Build/Intermediates.noindex/walkUCF.build/Debug-iphonesimulator/walkUCF.build/walkUCF-generated-files.hmap -Xcc -I/Users/luke/Library/Developer/Xcode/DerivedData/walkUCF-aemewqohffpdrtgmrqfzfljiazca/Build/Intermediates.noindex/walkUCF.build/Debug-iphonesimulator/walkUCF.build/walkUCF-own-target-headers.hmap -Xcc -I/Users/luke/Library/Developer/Xcode/DerivedData/walkUCF-aemewqohffpdrtgmrqfzfljiazca/Build/Intermediates.noindex/walkUCF.build/Debug-iphonesimulator/walkUCF.build/walkUCF-all-target-headers.hmap -Xcc -iquote -Xcc /Users/luke/Library/Developer/Xcode/DerivedData/walkUCF-aemewqohffpdrtgmrqfzfljiazca/Build/Intermediates.noindex/walkUCF.build/Debug-iphonesimulator/walkUCF.build/walkUCF-project-headers.hmap -Xcc -I/Users/luke/Library/Developer/Xcode/DerivedData/walkUCF-aemewqohffpdrtgmrqfzfljiazca/Build/Products/Debug-iphonesimulator/include -Xcc -I/Users/luke/Documents/repos/walkUCF-app/ios/Pods/Headers/Public -Xcc -I/Users/luke/Documents/repos/walkUCF-app/ios/Pods/Headers/Public/EXConstants -Xcc -I/Users/luke/Documents/repos/walkUCF-app/ios/Pods/Headers/Public/Expo -Xcc -I/Users/luke/Documents/repos/walkUCF-app/ios/Pods/Headers/Public/FBLazyVector -Xcc -I/Users/luke/Documents/repos/walkUCF-app/ios/Pods/Headers/Public/RCTDeprecation -Xcc -I/Users/luke/Documents/repos/walkUCF-app/ios/Pods/Headers/Public/RCTRequired -Xcc -I/Users/luke/Documents/repos/walkUCF-app/ios/Pods/Headers/Public/RCTSwiftUIWrapper -Xcc -I/Users/luke/Documents/repos/walkUCF-app/ios/Pods/Headers/Public/RCTTypeSafety -Xcc -I/Users/luke/Documents/repos/walkUCF-app/ios/Pods/Headers/Public/RNCAsyncStorage -Xcc -I/Users/luke/Documents/repos/walkUCF-app/ios/Pods/Headers/Public/React-Core -Xcc -I/Users/luke/Documents/repos/walkUCF-app/ios/Pods/Headers/Public/React-Core-prebuilt -Xcc -I/Users/luke/Documents/repos/walkUCF-app/ios/Pods/Headers/Public/React-CoreModules -Xcc -I/Users/luke/Documents/repos/walkUCF-app/ios/Pods/Headers/Public/React-Fabric -Xcc -I/Users/luke/Documents/repos/walkUCF-app/ios/Pods/Headers/Public/React-FabricComponents -Xcc -I/Users/luke/Documents/repos/walkUCF-app/ios/Pods/Headers/Public/React-FabricImage -Xcc -I/Users/luke/Documents/repos/walkUCF-app/ios/Pods/Headers/Public/React-ImageManager -Xcc -I/Users/luke/Documents/repos/walkUCF-app/ios/Pods/Headers/Public/React-Mapbuffer -Xcc -I/Users/luke/Documents/repos/walkUCF-app/ios/Pods/Headers/Public/React-NativeModulesApple -Xcc -I/Users/luke/Documents/repos/walkUCF-app/ios/Pods/Headers/Public/React-RCTAnimation -Xcc -I/Users/luke/Documents/repos/walkUCF-app/ios/Pods/Headers/Public/React-RCTAppDelegate -Xcc -I/Users/luke/Documents/repos/walkUCF-app/ios/Pods/Headers/Public/React-RCTBlob -Xcc -I/Users/luke/Documents/repos/walkUCF-app/ios/Pods/Headers/Public/React-RCTFBReactNativeSpec -Xcc -I/Users/luke/Documents/repos/walkUCF-app/ios/Pods/Headers/Public/React-RCTFabric -Xcc -I/Users/luke/Documents/repos/walkUCF-app/ios/Pods/Headers/Public/React-RCTImage -Xcc -I/Users/luke/Documents/repos/walkUCF-app/ios/Pods/Headers/Public/React-RCTRuntime -Xcc -I/Users/luke/Documents/repos/walkUCF-app/ios/Pods/Headers/Public/React-RCTSettings -Xcc -I/Users/luke/Documents/repos/walkUCF-app/ios/Pods/Headers/Public/React-RCTText -Xcc -I/Users/luke/Documents/repos/walkUCF-app/ios/Pods/Headers/Public/React-RCTVibration -Xcc -I/Users/luke/Documents/repos/walkUCF-app/ios/Pods/Headers/Public/React-RuntimeApple -Xcc -I/Users/luke/Documents/repos/walkUCF-app/ios/Pods/Headers/Public/React-RuntimeCore -Xcc -I/Users/luke/Documents/repos/walkUCF-app/ios/Pods/Headers/Public/React-RuntimeHermes -Xcc -I/Users/luke/Documents/repos/walkUCF-app/ios/Pods/Headers/Public/React-callinvoker -Xcc -I/Users/luke/Documents/repos/walkUCF-app/ios/Pods/Headers/Public/React-cxxreact -Xcc -I/Users/luke/Documents/repos/walkUCF-app/ios/Pods/Headers/Public/React-debug -Xcc -I/Users/luke/Documents/repos/walkUCF-app/ios/Pods/Headers/Public/React-defaultsnativemodule -Xcc -I/Users/luke/Documents/repos/walkUCF-app/ios/Pods/Headers/Public/React-domnativemodule -Xcc -I/Users/luke/Documents/repos/walkUCF-app/ios/Pods/Headers/Public/React-featureflags -Xcc -I/Users/luke/Documents/repos/walkUCF-app/ios/Pods/Headers/Public/React-featureflagsnativemodule -Xcc -I/Users/luke/Documents/repos/walkUCF-app/ios/Pods/Headers/Public/React-graphics -Xcc -I/Users/luke/Documents/repos/walkUCF-app/ios/Pods/Headers/Public/React-hermes -Xcc -I/Users/luke/Documents/repos/walkUCF-app/ios/Pods/Headers/Public/React-idlecallbacksnativemodule -Xcc -I/Users/luke/Documents/repos/walkUCF-app/ios/Pods/Headers/Public/React-intersectionobservernativemodule -Xcc -I/Users/luke/Documents/repos/walkUCF-app/ios/Pods/Headers/Public/React-jserrorhandler -Xcc -I/Users/luke/Documents/repos/walkUCF-app/ios/Pods/Headers/Public/React-jsi -Xcc -I/Users/luke/Documents/repos/walkUCF-app/ios/Pods/Headers/Public/React-jsiexecutor -Xcc -I/Users/luke/Documents/repos/walkUCF-app/ios/Pods/Headers/Public/React-jsinspector -Xcc -I/Users/luke/Documents/repos/walkUCF-app/ios/Pods/Headers/Public/React-jsinspectorcdp -Xcc -I/Users/luke/Documents/repos/walkUCF-app/ios/Pods/Headers/Public/React-jsinspectornetwork -Xcc -I/Users/luke/Documents/repos/walkUCF-app/ios/Pods/Headers/Public/React-jsinspectortracing -Xcc -I/Users/luke/Documents/repos/walkUCF-app/ios/Pods/Headers/Public/React-jsitooling -Xcc -I/Users/luke/Documents/repos/walkUCF-app/ios/Pods/Headers/Public/React-logger -Xcc -I/Users/luke/Documents/repos/walkUCF-app/ios/Pods/Headers/Public/React-microtasksnativemodule -Xcc -I/Users/luke/Documents/repos/walkUCF-app/ios/Pods/Headers/Public/React-mutationobservernativemodule -Xcc -I/Users/luke/Documents/repos/walkUCF-app/ios/Pods/Headers/Public/React-networking -Xcc -I/Users/luke/Documents/repos/walkUCF-app/ios/Pods/Headers/Public/React-oscompat -Xcc -I/Users/luke/Documents/repos/walkUCF-app/ios/Pods/Headers/Public/React-perflogger -Xcc -I/Users/luke/Documents/repos/walkUCF-app/ios/Pods/Headers/Public/React-performancecdpmetrics -Xcc -I/Users/luke/Documents/repos/walkUCF-app/ios/Pods/Headers/Public/React-performancetimeline -Xcc -I/Users/luke/Documents/repos/walkUCF-app/ios/Pods/Headers/Public/React-rendererconsistency -Xcc -I/Users/luke/Documents/repos/walkUCF-app/ios/Pods/Headers/Public/React-renderercss -Xcc -I/Users/luke/Documents/repos/walkUCF-app/ios/Pods/Headers/Public/React-rendererdebug -Xcc -I/Users/luke/Documents/repos/walkUCF-app/ios/Pods/Headers/Public/React-runtimeexecutor -Xcc -I/Users/luke/Documents/repos/walkUCF-app/ios/Pods/Headers/Public/React-runtimescheduler -Xcc -I/Users/luke/Documents/repos/walkUCF-app/ios/Pods/Headers/Public/React-timing -Xcc -I/Users/luke/Documents/repos/walkUCF-app/ios/Pods/Headers/Public/React-utils -Xcc -I/Users/luke/Documents/repos/walkUCF-app/ios/Pods/Headers/Public/React-viewtransitionnativemodule -Xcc -I/Users/luke/Documents/repos/walkUCF-app/ios/Pods/Headers/Public/React-webperformancenativemodule -Xcc -I/Users/luke/Documents/repos/walkUCF-app/ios/Pods/Headers/Public/ReactAppDependencyProvider -Xcc -I/Users/luke/Documents/repos/walkUCF-app/ios/Pods/Headers/Public/ReactCodegen -Xcc -I/Users/luke/Documents/repos/walkUCF-app/ios/Pods/Headers/Public/ReactCommon -Xcc -I/Users/luke/Documents/repos/walkUCF-app/ios/Pods/Headers/Public/ReactNativeDependencies -Xcc -I/Users/luke/Documents/repos/walkUCF-app/ios/Pods/Headers/Public/Yoga -Xcc -I/Users/luke/Documents/repos/walkUCF-app/ios/Pods/Headers/Public/hermes-engine -Xcc -I/Users/luke/Documents/repos/walkUCF-app/ios/Pods/Headers/Public/react-native-maps -Xcc -I/Users/luke/Documents/repos/walkUCF-app/ios/Pods/Headers/Public/react-native-safe-area-context -Xcc -I/Users/luke/Library/Developer/Xcode/DerivedData/walkUCF-aemewqohffpdrtgmrqfzfljiazca/Build/Products/Debug-iphonesimulator/Expo/Swift\ Compatibility\ Header -Xcc -I/Users/luke/Documents/repos/walkUCF-app/ios/Pods/Headers/Private/Yoga -Xcc -I/Users/luke/Library/Developer/Xcode/DerivedData/walkUCF-aemewqohffpdrtgmrqfzfljiazca/Build/Products/Debug-iphonesimulator/ExpoModulesCore/Swift\ Compatibility\ Header -Xcc -I/Users/luke/Documents/repos/walkUCF-app/ios/Pods/Headers/Private/Yoga -Xcc -I/Users/luke/Documents/repos/walkUCF-app/ios/Pods/Headers/Private/React-Core -Xcc -I/Users/luke/Documents/repos/walkUCF-app/ios/Pods/Headers/Private/React-Core -Xcc -I/Users/luke/Documents/repos/walkUCF-app/ios/Pods/Headers/Private/Yoga -Xcc -I/Users/luke/Documents/repos/walkUCF-app/ios/Pods/ExpoModulesCore/ExpoModulesCore.xcframework/ios-arm64_x86_64-simulator/ExpoModulesCore.framework/Headers -Xcc -I/Users/luke/Documents/repos/walkUCF-app/ios/Pods/ExpoModulesCore/ExpoModulesCore.xcframework/ios-arm64/ExpoModulesCore.framework/Headers -Xcc -I/Users/luke/Library/Developer/Xcode/DerivedData/walkUCF-aemewqohffpdrtgmrqfzfljiazca/Build/Intermediates.noindex/walkUCF.build/Debug-iphonesimulator/walkUCF.build/DerivedSources-normal/arm64 -Xcc -I/Users/luke/Library/Developer/Xcode/DerivedData/walkUCF-aemewqohffpdrtgmrqfzfljiazca/Build/Intermediates.noindex/walkUCF.build/Debug-iphonesimulator/walkUCF.build/DerivedSources/arm64 -Xcc -I/Users/luke/Library/Developer/Xcode/DerivedData/walkUCF-aemewqohffpdrtgmrqfzfljiazca/Build/Intermediates.noindex/walkUCF.build/Debug-iphonesimulator/walkUCF.build/DerivedSources -Xcc -DDEBUG\=1 -Xcc -DCOCOAPODS\=1 -Xcc -DFB_SONARKIT_ENABLED\=1 -import-objc-header /Users/luke/Documents/repos/walkUCF-app/ios/walkUCF/walkUCF-Bridging-Header.h -pch-output-dir /Users/luke/Library/Developer/Xcode/DerivedData/walkUCF-aemewqohffpdrtgmrqfzfljiazca/Build/Intermediates.noindex/PrecompiledHeaders -pch-disable-validation -no-auto-bridging-header-chaining -module-name walkUCF -frontend-parseable-output -disable-clang-spi -target-sdk-version 26.5 -target-sdk-name iphonesimulator26.5 -external-plugin-path /Applications/Xcode.app/Contents/Developer/Platforms/iPhoneOS.platform/Developer/usr/lib/swift/host/plugins\#/Applications/Xcode.app/Contents/Developer/Platforms/iPhoneOS.platform/Developer/usr/bin/swift-plugin-server -external-plugin-path /Applications/Xcode.app/Contents/Developer/Platforms/iPhoneOS.platform/Developer/usr/local/lib/swift/host/plugins\#/Applications/Xcode.app/Contents/Developer/Platforms/iPhoneOS.platform/Developer/usr/bin/swift-plugin-server -in-process-plugin-server-path /Applications/Xcode.app/Contents/Developer/Toolchains/XcodeDefault.xctoolchain/usr/lib/swift/host/libSwiftInProcPluginServer.dylib -plugin-path /Applications/Xcode.app/Contents/Developer/Toolchains/XcodeDefault.xctoolchain/usr/lib/swift/host/plugins -plugin-path /Applications/Xcode.app/Contents/Developer/Toolchains/XcodeDefault.xctoolchain/usr/local/lib/swift/host/plugins -emit-module-doc-path /Users/luke/Library/Developer/Xcode/DerivedData/walkUCF-aemewqohffpdrtgmrqfzfljiazca/Build/Intermediates.noindex/walkUCF.build/Debug-iphonesimulator/walkUCF.build/Objects-normal/arm64/walkUCF.swiftdoc -emit-module-source-info-path /Users/luke/Library/Developer/Xcode/DerivedData/walkUCF-aemewqohffpdrtgmrqfzfljiazca/Build/Intermediates.noindex/walkUCF.build/Debug-iphonesimulator/walkUCF.build/Objects-normal/arm64/walkUCF.swiftsourceinfo -emit-objc-header-path /Users/luke/Library/Developer/Xcode/DerivedData/walkUCF-aemewqohffpdrtgmrqfzfljiazca/Build/Intermediates.noindex/walkUCF.build/Debug-iphonesimulator/walkUCF.build/Objects-normal/arm64/walkUCF-Swift.h -serialize-diagnostics-path /Users/luke/Library/Developer/Xcode/DerivedData/walkUCF-aemewqohffpdrtgmrqfzfljiazca/Build/Intermediates.noindex/walkUCF.build/Debug-iphonesimulator/walkUCF.build/Objects-normal/arm64/walkUCF-primary-emit-module.dia -emit-dependencies-path /Users/luke/Library/Developer/Xcode/DerivedData/walkUCF-aemewqohffpdrtgmrqfzfljiazca/Build/Intermediates.noindex/walkUCF.build/Debug-iphonesimulator/walkUCF.build/Objects-normal/arm64/walkUCF-primary-emit-module.d -o /Users/luke/Library/Developer/Xcode/DerivedData/walkUCF-aemewqohffpdrtgmrqfzfljiazca/Build/Intermediates.noindex/walkUCF.build/Debug-iphonesimulator/walkUCF.build/Objects-normal/arm64/walkUCF.swiftmodule -emit-abi-descriptor-path /Users/luke/Library/Developer/Xcode/DerivedData/walkUCF-aemewqohffpdrtgmrqfzfljiazca/Build/Intermediates.noindex/walkUCF.build/Debug-iphonesimulator/walkUCF.build/Objects-normal/arm64/walkUCF.abi.json

EmitSwiftModule normal arm64 (in target 'walkUCF' from project 'walkUCF')
    cd /Users/luke/Documents/repos/walkUCF-app/ios
    

<unknown>:0: error: module map file '/Users/luke/Library/Developer/Xcode/DerivedData/walkUCF-aemewqohffpdrtgmrqfzfljiazca/Build/Products/Debug-iphonesimulator/EXConstants/EXConstants.modulemap' not found
<unknown>:0: error: module map file '/Users/luke/Library/Developer/Xcode/DerivedData/walkUCF-aemewqohffpdrtgmrqfzfljiazca/Build/Products/Debug-iphonesimulator/Expo/Expo.modulemap' not found
<unknown>:0: error: module map file '/Users/luke/Library/Developer/Xcode/DerivedData/walkUCF-aemewqohffpdrtgmrqfzfljiazca/Build/Products/Debug-iphonesimulator/ExpoAsset/ExpoAsset.modulemap' not found
<unknown>:0: error: module map file '/Users/luke/Library/Developer/Xcode/DerivedData/walkUCF-aemewqohffpdrtgmrqfzfljiazca/Build/Products/Debug-iphonesimulator/ExpoDomWebView/ExpoDomWebView.modulemap' not found
<unknown>:0: error: module map file '/Users/luke/Library/Developer/Xcode/DerivedData/walkUCF-aemewqohffpdrtgmrqfzfljiazca/Build/Products/Debug-iphonesimulator/ExpoKeepAwake/ExpoKeepAwake.modulemap' not found
<unknown>:0: error: module map file '/Users/luke/Library/Developer/Xcode/DerivedData/walkUCF-aemewqohffpdrtgmrqfzfljiazca/Build/Products/Debug-iphonesimulator/ExpoLogBox/ExpoLogBox.modulemap' not found
<unknown>:0: error: module map file '/Users/luke/Library/Developer/Xcode/DerivedData/walkUCF-aemewqohffpdrtgmrqfzfljiazca/Build/Products/Debug-iphonesimulator/ExpoSplashScreen/ExpoSplashScreen.modulemap' not found
/Users/luke/Documents/repos/walkUCF-app/ios/walkUCF/AppDelegate.swift:1:17: error: no such module 'Expo'
internal import Expo
                ^

Module map file '/Users/luke/Library/Developer/Xcode/DerivedData/walkUCF-aemewqohffpdrtgmrqfzfljiazca/Build/Products/Debug-iphonesimulator/EXConstants/EXConstants.modulemap' not found

Module map file '/Users/luke/Library/Developer/Xcode/DerivedData/walkUCF-aemewqohffpdrtgmrqfzfljiazca/Build/Products/Debug-iphonesimulator/Expo/Expo.modulemap' not found

Module map file '/Users/luke/Library/Developer/Xcode/DerivedData/walkUCF-aemewqohffpdrtgmrqfzfljiazca/Build/Products/Debug-iphonesimulator/ExpoAsset/ExpoAsset.modulemap' not found

Module map file '/Users/luke/Library/Developer/Xcode/DerivedData/walkUCF-aemewqohffpdrtgmrqfzfljiazca/Build/Products/Debug-iphonesimulator/ExpoDomWebView/ExpoDomWebView.modulemap' not found

Module map file '/Users/luke/Library/Developer/Xcode/DerivedData/walkUCF-aemewqohffpdrtgmrqfzfljiazca/Build/Products/Debug-iphonesimulator/ExpoKeepAwake/ExpoKeepAwake.modulemap' not found

Module map file '/Users/luke/Library/Developer/Xcode/DerivedData/walkUCF-aemewqohffpdrtgmrqfzfljiazca/Build/Products/Debug-iphonesimulator/ExpoLogBox/ExpoLogBox.modulemap' not found

Module map file '/Users/luke/Library/Developer/Xcode/DerivedData/walkUCF-aemewqohffpdrtgmrqfzfljiazca/Build/Products/Debug-iphonesimulator/ExpoSplashScreen/ExpoSplashScreen.modulemap' not found

/Users/luke/Documents/repos/walkUCF-app/ios/walkUCF/AppDelegate.swift:1:17: No such module 'Expo'



Build failed    8/12/26, 6:04 PM    0.5 seconds
